=== live loop start 2026-09-22T06:33:46Z ===
live loop: GLD | interval 10.0s | mechanical target 0.000 | allow_entry=False
journal: /Users/ibrahimmemon/Documents/GitHub/von-gold/runtime/live_loop.jsonl
[2026-09-22T06:34:04+00:00] $398.35 fp=b7e1ffb2897ae6cb -> add_long (conv 2.15) ignored (entry disabled) [16.4s, cycles=1 skipped=0]
[2026-09-22T06:34:18+00:00] $398.35 fp=b7e1ffb2897ae6cb -> add_long (conv 2.15) ignored (entry disabled) [13.9s, cycles=2 skipped=0]
[2026-09-22T06:34:32+00:00] $398.35 fp=b7e1ffb2897ae6cb -> add_long (conv 2.15) ignored (entry disabled) [13.2s, cycles=3 skipped=0]
[2026-09-22T06:34:44+00:00] $398.35 fp=b7e1ffb2897ae6cb -> add_long (conv 2.15) ignored (entry disabled) [12.8s, cycles=4 skipped=0]
[2026-09-22T06:34:58+00:00] $398.35 fp=b7e1ffb2897ae6cb -> add_long (conv 2.15) ignored (entry disabled) [13.3s, cycles=5 skipped=0]
[2026-09-22T06:35:10+00:00] $398.35 fp=b7e1ffb2897ae6cb -> add_long (conv 2.15) ignored (entry disabled) [12.8s, cycles=6 skipped=0]
[2026-09-22T06:35:24+00:00] $398.35 fp=b7e1ffb2897ae6cb -> add_long (conv 2.15) ignored (entry disabled) [13.6s, cycles=7 skipped=0]
[2026-09-22T06:35:36+00:00] $398.35 fp=b7e1ffb2897ae6cb -> add_long (conv 2.15) ignored (entry disabled) [12.1s, cycles=8 skipped=0]
[2026-09-22T06:35:48+00:00] $398.35 fp=b7e1ffb2897ae6cb -> add_long (conv 2.15) ignored (entry disabled) [11.6s, cycles=9 skipped=0]
[2026-09-22T06:36:00+00:00] $398.35 fp=b7e1ffb2897ae6cb -> add_long (conv 2.15) ignored (entry disabled) [12.0s, cycles=10 skipped=0]
[2026-09-22T06:36:12+00:00] $398.35 fp=b7e1ffb2897ae6cb -> add_long (conv 2.15) ignored (entry disabled) [12.2s, cycles=11 skipped=0]
[2026-09-22T06:36:26+00:00] $398.35 fp=b7e1ffb2897ae6cb -> add_long (conv 2.15) ignored (entry disabled) [13.8s, cycles=12 skipped=0]
[2026-09-22T06:36:39+00:00] $398.35 fp=b7e1ffb2897ae6cb -> add_long (conv 2.15) ignored (entry disabled) [13.3s, cycles=13 skipped=0]
[2026-09-22T06:36:52+00:00] $398.35 fp=b7e1ffb2897ae6cb -> add_long (conv 2.15) ignored (entry disabled) [13.2s, cycles=14 skipped=0]
[2026-09-22T06:37:10+00:00] $398.35 fp=b7e1ffb2897ae6cb -> add_long (conv 2.15) ignored (entry disabled) [17.6s, cycles=15 skipped=0]
[2026-09-22T06:37:23+00:00] $398.35 fp=b7e1ffb2897ae6cb -> add_long (conv 2.15) ignored (entry disabled) [13.3s, cycles=16 skipped=0]
[2026-09-22T06:37:37+00:00] $398.35 fp=b7e1ffb2897ae6cb -> add_long (conv 2.15) ignored (entry disabled) [13.5s, cycles=17 skipped=0]
[2026-09-22T06:37:49+00:00] $398.35 fp=b7e1ffb2897ae6cb -> add_long (conv 2.15) ignored (entry disabled) [12.7s, cycles=18 skipped=0]
[2026-09-22T06:38:04+00:00] $398.35 fp=b7e1ffb2897ae6cb -> add_long (conv 2.15) ignored (entry disabled) [14.5s, cycles=19 skipped=0]
[2026-09-22T06:38:18+00:00] $398.35 fp=b7e1ffb2897ae6cb -> add_long (conv 2.15) ignored (entry disabled) [14.6s, cycles=20 skipped=0]
[2026-09-22T06:38:34+00:00] $398.35 fp=b7e1ffb2897ae6cb -> add_long (conv 2.15) ignored (entry disabled) [15.5s, cycles=21 skipped=0]
[2026-09-22T06:38:47+00:00] $398.35 fp=b7e1ffb2897ae6cb -> add_long (conv 2.15) ignored (entry disabled) [13.3s, cycles=22 skipped=0]
[2026-09-22T06:39:00+00:00] $398.35 fp=b7e1ffb2897ae6cb -> add_long (conv 2.15) ignored (entry disabled) [13.2s, cycles=23 skipped=0]
[2026-09-22T06:39:13+00:00] $398.35 fp=b7e1ffb2897ae6cb -> add_long (conv 2.15) ignored (entry disabled) [12.8s, cycles=24 skipped=0]
[2026-09-22T06:39:25+00:00] $398.35 fp=b7e1ffb2897ae6cb -> add_long (conv 2.15) ignored (entry disabled) [11.6s, cycles=25 skipped=0]
[2026-09-22T06:39:37+00:00] $398.35 fp=b7e1ffb2897ae6cb -> add_long (conv 2.15) ignored (entry disabled) [12.6s, cycles=26 skipped=0]
[2026-09-22T06:39:49+00:00] $398.35 fp=b7e1ffb2897ae6cb -> add_long (conv 2.15) ignored (entry disabled) [12.2s, cycles=27 skipped=0]
[2026-09-22T06:40:01+00:00] $398.35 fp=b7e1ffb2897ae6cb -> add_long (conv 2.15) ignored (entry disabled) [11.0s, cycles=28 skipped=0]
[2026-09-22T06:40:11+00:00] $398.35 fp=b7e1ffb2897ae6cb -> add_long (conv 2.15) ignored (entry disabled) [10.9s, cycles=29 skipped=0]
[2026-09-22T06:40:26+00:00] $398.35 fp=b7e1ffb2897ae6cb -> add_long (conv 2.15) ignored (entry disabled) [14.6s, cycles=30 skipped=0]
[2026-09-22T06:40:38+00:00] $398.35 fp=b7e1ffb2897ae6cb -> add_long (conv 2.15) ignored (entry disabled) [11.9s, cycles=31 skipped=0]
[2026-09-22T06:40:50+00:00] $398.35 fp=b7e1ffb2897ae6cb -> add_long (conv 2.15) ignored (entry disabled) [12.3s, cycles=32 skipped=0]
[2026-09-22T06:41:01+00:00] $398.35 fp=b7e1ffb2897ae6cb -> add_long (conv 2.15) ignored (entry disabled) [11.3s, cycles=33 skipped=0]
[2026-09-22T06:41:19+00:00] $398.35 fp=b7e1ffb2897ae6cb -> add_long (conv 2.15) ignored (entry disabled) [18.0s, cycles=34 skipped=0]
[2026-09-22T06:41:34+00:00] $398.35 fp=b7e1ffb2897ae6cb -> add_long (conv 2.15) ignored (entry disabled) [14.3s, cycles=35 skipped=0]
[2026-09-22T06:41:49+00:00] $398.35 fp=b7e1ffb2897ae6cb -> add_long (conv 2.15) ignored (entry disabled) [15.1s, cycles=36 skipped=0]
[2026-09-22T06:42:01+00:00] $398.35 fp=b7e1ffb2897ae6cb -> add_long (conv 2.15) ignored (entry disabled) [12.0s, cycles=37 skipped=0]
[2026-09-22T06:42:16+00:00] $398.35 fp=b7e1ffb2897ae6cb -> add_long (conv 2.15) ignored (entry disabled) [15.3s, cycles=38 skipped=0]
[2026-09-22T06:42:30+00:00] $398.35 fp=b7e1ffb2897ae6cb -> add_long (conv 2.15) ignored (entry disabled) [13.5s, cycles=39 skipped=0]
[2026-09-22T06:42:43+00:00] $398.35 fp=b7e1ffb2897ae6cb -> add_long (conv 2.15) ignored (entry disabled) [12.9s, cycles=40 skipped=0]
[2026-09-22T06:42:56+00:00] $398.35 fp=b7e1ffb2897ae6cb -> add_long (conv 2.15) ignored (entry disabled) [13.1s, cycles=41 skipped=0]
[2026-09-22T06:43:06+00:00] $398.35 fp=b7e1ffb2897ae6cb -> add_long (conv 2.15) ignored (entry disabled) [10.1s, cycles=42 skipped=0]
[2026-09-22T06:43:19+00:00] $398.35 fp=b7e1ffb2897ae6cb -> add_long (conv 2.15) ignored (entry disabled) [13.7s, cycles=43 skipped=0]
[2026-09-22T06:43:35+00:00] $398.35 fp=b7e1ffb2897ae6cb -> add_long (conv 2.15) ignored (entry disabled) [16.1s, cycles=44 skipped=0]
[2026-09-22T06:43:51+00:00] $398.35 fp=b7e1ffb2897ae6cb -> add_long (conv 2.15) ignored (entry disabled) [15.2s, cycles=45 skipped=0]
[2026-09-22T06:44:04+00:00] $398.35 fp=b7e1ffb2897ae6cb -> add_long (conv 2.15) ignored (entry disabled) [13.0s, cycles=46 skipped=0]
[2026-09-22T06:44:17+00:00] $398.35 fp=b7e1ffb2897ae6cb -> add_long (conv 2.15) ignored (entry disabled) [13.4s, cycles=47 skipped=0]
[2026-09-22T06:44:35+00:00] $398.35 fp=b7e1ffb2897ae6cb -> add_long (conv 2.15) ignored (entry disabled) [18.4s, cycles=48 skipped=0]
[2026-09-22T06:45:01+00:00] $398.35 fp=b7e1ffb2897ae6cb -> add_long (conv 2.15) ignored (entry disabled) [25.2s, cycles=49 skipped=0]
[2026-09-22T06:45:12+00:00] $398.35 fp=b7e1ffb2897ae6cb -> add_long (conv 2.15) ignored (entry disabled) [11.4s, cycles=50 skipped=0]
[2026-09-22T06:45:24+00:00] $398.35 fp=b7e1ffb2897ae6cb -> add_long (conv 2.15) ignored (entry disabled) [12.4s, cycles=51 skipped=0]
[2026-09-22T06:45:36+00:00] $398.35 fp=b7e1ffb2897ae6cb -> add_long (conv 2.15) ignored (entry disabled) [11.4s, cycles=52 skipped=0]
[2026-09-22T06:45:48+00:00] $398.35 fp=b7e1ffb2897ae6cb -> add_long (conv 2.15) ignored (entry disabled) [12.2s, cycles=53 skipped=0]
[2026-09-22T06:46:00+00:00] $398.35 fp=b7e1ffb2897ae6cb -> add_long (conv 2.15) ignored (entry disabled) [11.8s, cycles=54 skipped=0]
[2026-09-22T06:46:12+00:00] $398.35 fp=b7e1ffb2897ae6cb -> add_long (conv 2.15) ignored (entry disabled) [11.9s, cycles=55 skipped=0]
[2026-09-22T06:46:24+00:00] $398.35 fp=b7e1ffb2897ae6cb -> add_long (conv 2.15) ignored (entry disabled) [12.7s, cycles=56 skipped=0]
[2026-09-22T06:46:36+00:00] $398.35 fp=b7e1ffb2897ae6cb -> add_long (conv 2.15) ignored (entry disabled) [11.4s, cycles=57 skipped=0]
[2026-09-22T06:46:47+00:00] $398.35 fp=b7e1ffb2897ae6cb -> add_long (conv 2.15) ignored (entry disabled) [11.8s, cycles=58 skipped=0]
[2026-09-22T06:46:59+00:00] $398.35 fp=b7e1ffb2897ae6cb -> add_long (conv 2.15) ignored (entry disabled) [11.9s, cycles=59 skipped=0]
[2026-09-22T06:47:17+00:00] $398.35 fp=b7e1ffb2897ae6cb -> add_long (conv 2.15) ignored (entry disabled) [17.2s, cycles=60 skipped=0]
[2026-09-22T06:47:28+00:00] $398.35 fp=b7e1ffb2897ae6cb -> add_long (conv 2.15) ignored (entry disabled) [11.7s, cycles=61 skipped=0]=== live loop start 2026-09-22T07:19:24Z topic=vongold-39d76b5aea8443b02df7b01c17ad9a69 ===
=== live loop start 2026-09-22T07:32:16Z topic=vongold-39d76b5aea8443b02df7b01c17ad9a69 ===
